[2024-08-09T16:03:01.244+0900][gc] Using G1
[2024-08-09T16:03:01.245+0900][gc,init] Version: 17.0.10+11-LTS-240 (release)
[2024-08-09T16:03:01.245+0900][gc,init] CPUs: 8 total, 8 available
[2024-08-09T16:03:01.245+0900][gc,init] Memory: 16384M
[2024-08-09T16:03:01.245+0900][gc,init] Large Page Support: Disabled
[2024-08-09T16:03:01.245+0900][gc,init] NUMA Support: Disabled
[2024-08-09T16:03:01.245+0900][gc,init] Compressed Oops: Enabled (Zero based)
[2024-08-09T16:03:01.245+0900][gc,init] Heap Region Size: 1M
[2024-08-09T16:03:01.245+0900][gc,init] Heap Min Capacity: 1G
[2024-08-09T16:03:01.245+0900][gc,init] Heap Initial Capacity: 1G
[2024-08-09T16:03:01.245+0900][gc,init] Heap Max Capacity: 1G
[2024-08-09T16:03:01.245+0900][gc,init] Pre-touch: Disabled
[2024-08-09T16:03:01.245+0900][gc,init] Parallel Workers: 8
[2024-08-09T16:03:01.245+0900][gc,init] Concurrent Workers: 2
[2024-08-09T16:03:01.245+0900][gc,init] Concurrent Refinement Workers: 8
[2024-08-09T16:03:01.245+0900][gc,init] Periodic GC: Disabled
[2024-08-09T16:03:01.248+0900][gc,metaspace] CDS archive(s) mapped at: [0x000000e800000000-0x000000e800be0000-0x000000e800be0000), size 12451840, SharedBaseAddress: 0x000000e800000000, ArchiveRelocationMode: 1.
[2024-08-09T16:03:01.248+0900][gc,metaspace] Compressed class space mapped at: 0x000000e801000000-0x000000e841000000, reserved size: 1073741824
[2024-08-09T16:03:01.248+0900][gc,metaspace] Narrow klass base: 0x000000e800000000, Narrow klass shift: 0, Narrow klass range: 0x100000000
[2024-08-09T16:03:21.161+0900][gc,heap,exit] Heap
[2024-08-09T16:03:21.161+0900][gc,heap,exit]  garbage-first heap   total 1048576K, used 41952K [0x00000007c0000000, 0x0000000800000000)
[2024-08-09T16:03:21.161+0900][gc,heap,exit]   region size 1024K, 40 young (40960K), 0 survivors (0K)
[2024-08-09T16:03:21.161+0900][gc,heap,exit]  Metaspace       used 13900K, committed 14080K, reserved 1114112K
[2024-08-09T16:03:21.161+0900][gc,heap,exit]   class space    used 1907K, committed 1984K, reserved 1048576K
